// Jest Snapshot v1, https://goo.gl/fbAQLP

exports[`Login Snapshots renders correctly 1`] = `
<View
  style={
    Object {
      "flex": 1,
    }
  }
>
  <LoginForm
    onSubmit={[Function]}
    style={
      Object {
        "flex": 1,
      }
    }
  />
  <Text
    accessible={true}
    allowFontScaling={true}
    disabled={false}
    ellipsizeMode="tail"
    style={
      Object {
        "flex": 1,
      }
    }
  >
    {"data":{},"isPending":false,"error":{}}
  </Text>
</View>
`;
