// Jest Snapshot v1, https://goo.gl/fbAQLP

exports[`ExternalDependencies Snapshots renders correctly 1`] = `
<Text
  accessible={true}
  allowFontScaling={true}
  disabled={false}
  ellipsizeMode="tail"
>
  Some Text
</Text>
`;
